[INFO] [1789301540.524564455] [wall_mount_task]: --- grasp sensor_cam_1 at (0.109, 0.109, 0.01929000000000003) ---
[INFO] [1789301540.525523131] [wall_mount_task]: grasp[1]: MOVE_ARM_TO_PREGRASP (0%)
[INFO] [1789301549.827285992] [wall_mount_task]: grasp[1]: MOVE_ARM_TO_PREGRASP (100%)
[INFO] [1789301549.827631720] [wall_mount_task]: grasp[1]: MOVE_ARM_TO_GRASP (0%)
[INFO] [1789301552.654256642] [wall_mount_task]: grasp[1]: MOVE_ARM_TO_GRASP (100%)
[INFO] [1789301552.655690561] [wall_mount_task]: grasp[1]: CLOSE_GRIPPER (0%)
[INFO] [1789301554.794771614] [wall_mount_task]: grasp[1]: CLOSE_GRIPPER (100%)
[INFO] [1789301554.795109459] [wall_mount_task]: grasp[1]: LIFT_OBJECT (0%)
[INFO] [1789301560.808638543] [wall_mount_task]: grasp[1]: LIFT_OBJECT (100%)
[INFO] [1789301560.809031086] [wall_mount_task]: grasp[1]: STOW_OBJECT (0%)
[INFO] [1789301560.809220101] [wall_mount_task]: grasp[1]: succeeded -- grasp complete
[INFO] [1789301560.809364580] [wall_mount_task]: --- place onto wall_target_1 at (0.35500000000000004, -0.15, -0.06101000000000001) ---
[INFO] [1789301560.810116000] [wall_mount_task]: place[1]: MOVE_ARM_TO_PREPLACE (0%)
[INFO] [1789301599.103492622] [wall_mount_task]: place[1]: MOVE_ARM_TO_PREPLACE (100%)
[INFO] [1789301599.103876272] [wall_mount_task]: place[1]: MOVE_ARM_TO_PLACE (0%)
[INFO] [1789301603.286889963] [wall_mount_task]: place[1]: MOVE_ARM_TO_PLACE (100%)
[INFO] [1789301603.287254010] [wall_mount_task]: place[1]: OPEN_GRIPPER (0%)
[INFO] [1789301604.511341262] [wall_mount_task]: place[1]: OPEN_GRIPPER (100%)
[INFO] [1789301606.011553158] [wall_mount_task]: place[1]: RETREAT_ARM (0%)
[INFO] [1789301610.389365832] [wall_mount_task]: place[1]: RETREAT_ARM (100%)
[INFO] [1789301610.389962841] [wall_mount_task]: place[1]: succeeded -- place complete
[INFO] [1789301610.390205873] [wall_mount_task]: --- grasp sensor_cam_2 at (0.109, -0.109, 0.01929000000000003) ---
[INFO] [1789301610.391122592] [wall_mount_task]: grasp[2]: MOVE_ARM_TO_PREGRASP (0%)
[INFO] [1789301618.921210727] [wall_mount_task]: grasp[2]: MOVE_ARM_TO_PREGRASP (100%)
[INFO] [1789301618.921613620] [wall_mount_task]: grasp[2]: MOVE_ARM_TO_GRASP (0%)
[INFO] [1789301621.399457377] [wall_mount_task]: grasp[2]: MOVE_ARM_TO_GRASP (100%)
[INFO] [1789301621.399932977] [wall_mount_task]: grasp[2]: CLOSE_GRIPPER (0%)
[INFO] [1789301623.277169358] [wall_mount_task]: grasp[2]: CLOSE_GRIPPER (100%)
[INFO] [1789301623.277667736] [wall_mount_task]: grasp[2]: LIFT_OBJECT (0%)
[INFO] [1789301628.950598973] [wall_mount_task]: grasp[2]: LIFT_OBJECT (100%)
[INFO] [1789301628.950968756] [wall_mount_task]: grasp[2]: STOW_OBJECT (0%)
[INFO] [1789301628.951151134] [wall_mount_task]: grasp[2]: succeeded -- grasp complete
[INFO] [1789301628.951290916] [wall_mount_task]: --- place onto wall_target_2 at (0.35500000000000004, -0.05, -0.06101000000000001) ---
[INFO] [1789301628.951974309] [wall_mount_task]: place[2]: MOVE_ARM_TO_PREPLACE (0%)
[INFO] [1789301645.531027844] [wall_mount_task]: place[2]: MOVE_ARM_TO_PREPLACE (100%)
[INFO] [1789301645.531345027] [wall_mount_task]: place[2]: MOVE_ARM_TO_PLACE (0%)
[INFO] [1789301649.674059360] [wall_mount_task]: place[2]: MOVE_ARM_TO_PLACE (100%)
[INFO] [1789301649.674616531] [wall_mount_task]: place[2]: OPEN_GRIPPER (0%)
[INFO] [1789301651.169515623] [wall_mount_task]: place[2]: OPEN_GRIPPER (100%)
[INFO] [1789301652.669625658] [wall_mount_task]: place[2]: RETREAT_ARM (0%)
[INFO] [1789301657.300965952] [wall_mount_task]: place[2]: RETREAT_ARM (100%)
[INFO] [1789301657.301630536] [wall_mount_task]: place[2]: succeeded -- place complete
[INFO] [1789301657.301920750] [wall_mount_task]: --- grasp sensor_cam_3 at (-0.109, -0.109, 0.01929000000000003) ---
[INFO] [1789301657.302917893] [wall_mount_task]: grasp[3]: MOVE_ARM_TO_PREGRASP (0%)
[INFO] [1789301673.268685194] [wall_mount_task]: grasp[3]: MOVE_ARM_TO_PREGRASP (100%)
[INFO] [1789301673.269317667] [wall_mount_task]: grasp[3]: MOVE_ARM_TO_GRASP (0%)
[INFO] [1789301675.984288412] [wall_mount_task]: grasp[3]: MOVE_ARM_TO_GRASP (100%)
[INFO] [1789301675.984861455] [wall_mount_task]: grasp[3]: CLOSE_GRIPPER (0%)
[INFO] [1789301677.749838321] [wall_mount_task]: grasp[3]: CLOSE_GRIPPER (100%)
[INFO] [1789301677.750381398] [wall_mount_task]: grasp[3]: LIFT_OBJECT (0%)
[INFO] [1789301683.627998660] [wall_mount_task]: grasp[3]: LIFT_OBJECT (100%)
[INFO] [1789301683.628646171] [wall_mount_task]: grasp[3]: STOW_OBJECT (0%)
[INFO] [1789301683.628998731] [wall_mount_task]: grasp[3]: succeeded -- grasp complete
[INFO] [1789301683.629281461] [wall_mount_task]: --- place onto wall_target_3 at (0.35500000000000004, 0.05, -0.06101000000000001) ---
[INFO] [1789301683.630358646] [wall_mount_task]: place[3]: MOVE_ARM_TO_PREPLACE (0%)
[INFO] [1789301702.842707900] [wall_mount_task]: place[3]: MOVE_ARM_TO_PREPLACE (100%)
[INFO] [1789301702.843253951] [wall_mount_task]: place[3]: MOVE_ARM_TO_PLACE (0%)
[INFO] [1789301706.753462678] [wall_mount_task]: place[3]: MOVE_ARM_TO_PLACE (100%)
[INFO] [1789301706.754072126] [wall_mount_task]: place[3]: OPEN_GRIPPER (0%)
[INFO] [1789301708.406984372] [wall_mount_task]: place[3]: OPEN_GRIPPER (100%)
[INFO] [1789301709.907000932] [wall_mount_task]: place[3]: RETREAT_ARM (0%)
[INFO] [1789301714.274535106] [wall_mount_task]: place[3]: RETREAT_ARM (100%)
[INFO] [1789301714.275207021] [wall_mount_task]: place[3]: succeeded -- place complete
[INFO] [1789301714.275497738] [wall_mount_task]: --- grasp sensor_cam_4 at (-0.109, 0.109, 0.01929000000000003) ---
[INFO] [1789301714.276532187] [wall_mount_task]: grasp[4]: MOVE_ARM_TO_PREGRASP (0%)
[INFO] [1789301730.933222461] [wall_mount_task]: grasp[4]: MOVE_ARM_TO_PREGRASP (100%)
[INFO] [1789301730.933771289] [wall_mount_task]: grasp[4]: MOVE_ARM_TO_GRASP (0%)
[INFO] [1789301733.576430495] [wall_mount_task]: grasp[4]: MOVE_ARM_TO_GRASP (100%)
[INFO] [1789301733.577149043] [wall_mount_task]: grasp[4]: CLOSE_GRIPPER (0%)
[INFO] [1789301735.363698068] [wall_mount_task]: grasp[4]: CLOSE_GRIPPER (100%)
[INFO] [1789301735.364261190] [wall_mount_task]: grasp[4]: LIFT_OBJECT (0%)
[INFO] [1789301741.119471103] [wall_mount_task]: grasp[4]: LIFT_OBJECT (100%)
[INFO] [1789301741.120097516] [wall_mount_task]: grasp[4]: STOW_OBJECT (0%)
[INFO] [1789301741.120443977] [wall_mount_task]: grasp[4]: succeeded -- grasp complete
[INFO] [1789301741.120733650] [wall_mount_task]: --- place onto wall_target_4 at (0.35500000000000004, 0.15, -0.06101000000000001) ---
[INFO] [1789301741.121743401] [wall_mount_task]: place[4]: MOVE_ARM_TO_PREPLACE (0%)
[INFO] [1789301781.701480341] [wall_mount_task]: place[4]: MOVE_ARM_TO_PREPLACE (100%)
[INFO] [1789301781.702096126] [wall_mount_task]: place[4]: MOVE_ARM_TO_PLACE (0%)
[INFO] [1789301785.527558554] [wall_mount_task]: place[4]: MOVE_ARM_TO_PLACE (100%)
[INFO] [1789301785.527880803] [wall_mount_task]: place[4]: OPEN_GRIPPER (0%)
[INFO] [1789301786.952335311] [wall_mount_task]: place[4]: OPEN_GRIPPER (100%)
[INFO] [1789301788.452450603] [wall_mount_task]: place[4]: RETREAT_ARM (0%)
[INFO] [1789301792.849485518] [wall_mount_task]: place[4]: RETREAT_ARM (100%)
[INFO] [1789301792.850167335] [wall_mount_task]: place[4]: succeeded -- place complete
[INFO] [1789301792.850471613] [wall_mount_task]: wall-mount task COMPLETE
