[INFO] [1789298878.380407640] [wall_mount_task]: --- grasp sensor_cam_1 at (0.109, 0.109, 0.01929000000000003) ---
[INFO] [1789298878.381303653] [wall_mount_task]: grasp[1]: MOVE_ARM_TO_PREGRASP (0%)
[INFO] [1789298887.490885078] [wall_mount_task]: grasp[1]: MOVE_ARM_TO_PREGRASP (100%)
[INFO] [1789298887.491234933] [wall_mount_task]: grasp[1]: MOVE_ARM_TO_GRASP (0%)
[INFO] [1789298890.068232250] [wall_mount_task]: grasp[1]: MOVE_ARM_TO_GRASP (100%)
[INFO] [1789298890.108967682] [wall_mount_task]: grasp[1]: CLOSE_GRIPPER (0%)
[INFO] [1789298891.707784741] [wall_mount_task]: grasp[1]: CLOSE_GRIPPER (100%)
[INFO] [1789298891.708111200] [wall_mount_task]: grasp[1]: LIFT_OBJECT (0%)
[INFO] [1789298897.973268883] [wall_mount_task]: grasp[1]: LIFT_OBJECT (100%)
[INFO] [1789298897.973731172] [wall_mount_task]: grasp[1]: STOW_OBJECT (0%)
[INFO] [1789298897.973920069] [wall_mount_task]: grasp[1]: succeeded -- grasp complete
[INFO] [1789298897.974066452] [wall_mount_task]: --- place onto wall_target_1 at (0.35500000000000004, -0.15, -0.06101000000000001) ---
[INFO] [1789298897.974757470] [wall_mount_task]: place[1]: MOVE_ARM_TO_PREPLACE (0%)
[INFO] [1789298936.929419367] [wall_mount_task]: place[1]: MOVE_ARM_TO_PREPLACE (100%)
[INFO] [1789298936.929767199] [wall_mount_task]: place[1]: MOVE_ARM_TO_PLACE (0%)
[INFO] [1789298940.745629389] [wall_mount_task]: place[1]: MOVE_ARM_TO_PLACE (100%)
[INFO] [1789298940.745962657] [wall_mount_task]: place[1]: OPEN_GRIPPER (0%)
[INFO] [1789298942.121048920] [wall_mount_task]: place[1]: OPEN_GRIPPER (100%)
[INFO] [1789298943.621175514] [wall_mount_task]: place[1]: RETREAT_ARM (0%)
[INFO] [1789298947.993351895] [wall_mount_task]: place[1]: RETREAT_ARM (100%)
[INFO] [1789298947.993771606] [wall_mount_task]: place[1]: succeeded -- place complete
[INFO] [1789298947.993919550] [wall_mount_task]: --- grasp sensor_cam_2 at (0.109, -0.109, 0.01929000000000003) ---
[INFO] [1789298947.994560707] [wall_mount_task]: grasp[2]: MOVE_ARM_TO_PREGRASP (0%)
[INFO] [1789298956.268430441] [wall_mount_task]: grasp[2]: MOVE_ARM_TO_PREGRASP (100%)
[INFO] [1789298956.268946890] [wall_mount_task]: grasp[2]: MOVE_ARM_TO_GRASP (0%)
[INFO] [1789298958.745582869] [wall_mount_task]: grasp[2]: MOVE_ARM_TO_GRASP (100%)
[INFO] [1789298958.745982902] [wall_mount_task]: grasp[2]: CLOSE_GRIPPER (0%)
[INFO] [1789298960.372231886] [wall_mount_task]: grasp[2]: CLOSE_GRIPPER (100%)
[INFO] [1789298960.372555512] [wall_mount_task]: grasp[2]: LIFT_OBJECT (0%)
[INFO] [1789298965.977750294] [wall_mount_task]: grasp[2]: LIFT_OBJECT (100%)
[INFO] [1789298965.978137917] [wall_mount_task]: grasp[2]: STOW_OBJECT (0%)
[INFO] [1789298965.978326431] [wall_mount_task]: grasp[2]: succeeded -- grasp complete
[INFO] [1789298965.978463025] [wall_mount_task]: --- place onto wall_target_2 at (0.35500000000000004, -0.05, -0.06101000000000001) ---
[INFO] [1789298965.979225839] [wall_mount_task]: place[2]: MOVE_ARM_TO_PREPLACE (0%)
[INFO] [1789298983.831743910] [wall_mount_task]: place[2]: MOVE_ARM_TO_PREPLACE (100%)
[INFO] [1789298983.832072304] [wall_mount_task]: place[2]: MOVE_ARM_TO_PLACE (0%)
[INFO] [1789298987.876861506] [wall_mount_task]: place[2]: MOVE_ARM_TO_PLACE (100%)
[INFO] [1789298987.877196034] [wall_mount_task]: place[2]: OPEN_GRIPPER (0%)
[INFO] [1789298989.171109088] [wall_mount_task]: place[2]: OPEN_GRIPPER (100%)
[INFO] [1789298990.671471653] [wall_mount_task]: place[2]: RETREAT_ARM (0%)
[INFO] [1789298995.172740578] [wall_mount_task]: place[2]: RETREAT_ARM (100%)
[INFO] [1789298995.173142249] [wall_mount_task]: place[2]: succeeded -- place complete
[INFO] [1789298995.173287885] [wall_mount_task]: --- grasp sensor_cam_3 at (-0.109, -0.109, 0.01929000000000003) ---
[INFO] [1789298995.173896704] [wall_mount_task]: grasp[3]: MOVE_ARM_TO_PREGRASP (0%)
[INFO] [1789299010.574447669] [wall_mount_task]: grasp[3]: MOVE_ARM_TO_PREGRASP (100%)
[INFO] [1789299010.575006130] [wall_mount_task]: grasp[3]: MOVE_ARM_TO_GRASP (0%)
[INFO] [1789299013.474212451] [wall_mount_task]: grasp[3]: MOVE_ARM_TO_GRASP (100%)
[INFO] [1789299013.474914650] [wall_mount_task]: grasp[3]: CLOSE_GRIPPER (0%)
[INFO] [1789299015.120700920] [wall_mount_task]: grasp[3]: CLOSE_GRIPPER (100%)
[INFO] [1789299015.121049115] [wall_mount_task]: grasp[3]: LIFT_OBJECT (0%)
[INFO] [1789299021.067996710] [wall_mount_task]: grasp[3]: LIFT_OBJECT (100%)
[INFO] [1789299021.068377703] [wall_mount_task]: grasp[3]: STOW_OBJECT (0%)
[INFO] [1789299021.068565997] [wall_mount_task]: grasp[3]: succeeded -- grasp complete
[INFO] [1789299021.068720632] [wall_mount_task]: --- place onto wall_target_3 at (0.35500000000000004, 0.05, -0.06101000000000001) ---
[INFO] [1789299021.069388417] [wall_mount_task]: place[3]: MOVE_ARM_TO_PREPLACE (0%)
[INFO] [1789299040.901973566] [wall_mount_task]: place[3]: MOVE_ARM_TO_PREPLACE (100%)
[INFO] [1789299040.902303867] [wall_mount_task]: place[3]: MOVE_ARM_TO_PLACE (0%)
[INFO] [1789299044.632082045] [wall_mount_task]: place[3]: MOVE_ARM_TO_PLACE (100%)
[INFO] [1789299044.632403004] [wall_mount_task]: place[3]: OPEN_GRIPPER (0%)
[INFO] [1789299045.996882965] [wall_mount_task]: place[3]: OPEN_GRIPPER (100%)
[INFO] [1789299047.497235264] [wall_mount_task]: place[3]: RETREAT_ARM (0%)
[INFO] [1789299051.587914149] [wall_mount_task]: place[3]: RETREAT_ARM (100%)
[INFO] [1789299051.588578461] [wall_mount_task]: place[3]: succeeded -- place complete
[INFO] [1789299051.588835099] [wall_mount_task]: --- grasp sensor_cam_4 at (-0.109, 0.109, 0.01929000000000003) ---
[INFO] [1789299051.589486380] [wall_mount_task]: grasp[4]: MOVE_ARM_TO_PREGRASP (0%)
[INFO] [1789299066.964559210] [wall_mount_task]: grasp[4]: MOVE_ARM_TO_PREGRASP (100%)
[INFO] [1789299066.965003613] [wall_mount_task]: grasp[4]: MOVE_ARM_TO_GRASP (0%)
[INFO] [1789299069.709187513] [wall_mount_task]: grasp[4]: MOVE_ARM_TO_GRASP (100%)
[INFO] [1789299069.709568404] [wall_mount_task]: grasp[4]: CLOSE_GRIPPER (0%)
[INFO] [1789299071.579679436] [wall_mount_task]: grasp[4]: CLOSE_GRIPPER (100%)
[INFO] [1789299071.580366546] [wall_mount_task]: grasp[4]: LIFT_OBJECT (0%)
[INFO] [1789299077.141039211] [wall_mount_task]: grasp[4]: LIFT_OBJECT (100%)
[INFO] [1789299077.141468762] [wall_mount_task]: grasp[4]: STOW_OBJECT (0%)
[INFO] [1789299077.141685038] [wall_mount_task]: grasp[4]: succeeded -- grasp complete
[INFO] [1789299077.141829761] [wall_mount_task]: --- place onto wall_target_4 at (0.35500000000000004, 0.15, -0.06101000000000001) ---
[INFO] [1789299077.142512061] [wall_mount_task]: place[4]: MOVE_ARM_TO_PREPLACE (0%)
[INFO] [1789299114.945688982] [wall_mount_task]: place[4]: MOVE_ARM_TO_PREPLACE (100%)
[INFO] [1789299114.946026664] [wall_mount_task]: place[4]: MOVE_ARM_TO_PLACE (0%)
[INFO] [1789299118.300812438] [wall_mount_task]: place[4]: MOVE_ARM_TO_PLACE (100%)
[INFO] [1789299118.301234335] [wall_mount_task]: place[4]: OPEN_GRIPPER (0%)
[INFO] [1789299119.615094391] [wall_mount_task]: place[4]: OPEN_GRIPPER (100%)
[INFO] [1789299121.115683701] [wall_mount_task]: place[4]: RETREAT_ARM (0%)
[INFO] [1789299125.692409594] [wall_mount_task]: place[4]: RETREAT_ARM (100%)
[INFO] [1789299125.693078627] [wall_mount_task]: place[4]: succeeded -- place complete
[INFO] [1789299125.693379974] [wall_mount_task]: wall-mount task COMPLETE
