[INFO] [1789304592.080299307] [wall_mount_task]: --- grasp sensor_cam_1 at (0.109, 0.109, 0.01929000000000003) ---
[INFO] [1789304592.081184946] [wall_mount_task]: grasp[1]: MOVE_ARM_TO_PREGRASP (0%)
[INFO] [1789304601.088598534] [wall_mount_task]: grasp[1]: MOVE_ARM_TO_PREGRASP (100%)
[INFO] [1789304601.088951929] [wall_mount_task]: grasp[1]: MOVE_ARM_TO_GRASP (0%)
[INFO] [1789304603.853970353] [wall_mount_task]: grasp[1]: MOVE_ARM_TO_GRASP (100%)
[INFO] [1789304603.887895970] [wall_mount_task]: grasp[1]: CLOSE_GRIPPER (0%)
[INFO] [1789304605.697518375] [wall_mount_task]: grasp[1]: CLOSE_GRIPPER (100%)
[INFO] [1789304605.698524794] [wall_mount_task]: grasp[1]: LIFT_OBJECT (0%)
[INFO] [1789304611.433262476] [wall_mount_task]: grasp[1]: LIFT_OBJECT (100%)
[INFO] [1789304611.433696874] [wall_mount_task]: grasp[1]: STOW_OBJECT (0%)
[INFO] [1789304611.433900961] [wall_mount_task]: grasp[1]: succeeded -- grasp complete
[INFO] [1789304611.434046623] [wall_mount_task]: --- place onto wall_target_1 at (0.35500000000000004, -0.15, -0.06101000000000001) ---
[INFO] [1789304611.434784849] [wall_mount_task]: place[1]: MOVE_ARM_TO_PREPLACE (0%)
[INFO] [1789304650.054233461] [wall_mount_task]: place[1]: MOVE_ARM_TO_PREPLACE (100%)
[INFO] [1789304650.054562478] [wall_mount_task]: place[1]: MOVE_ARM_TO_PLACE (0%)
[INFO] [1789304653.654222229] [wall_mount_task]: place[1]: MOVE_ARM_TO_PLACE (100%)
[INFO] [1789304653.654642898] [wall_mount_task]: place[1]: OPEN_GRIPPER (0%)
[INFO] [1789304655.048701386] [wall_mount_task]: place[1]: OPEN_GRIPPER (100%)
[INFO] [1789304656.548831411] [wall_mount_task]: place[1]: RETREAT_ARM (0%)
[INFO] [1789304661.097018083] [wall_mount_task]: place[1]: RETREAT_ARM (100%)
[INFO] [1789304661.097435300] [wall_mount_task]: place[1]: succeeded -- place complete
[INFO] [1789304661.097590856] [wall_mount_task]: --- grasp sensor_cam_2 at (0.109, -0.109, 0.01929000000000003) ---
[INFO] [1789304661.098224591] [wall_mount_task]: grasp[2]: MOVE_ARM_TO_PREGRASP (0%)
[INFO] [1789304669.601449741] [wall_mount_task]: grasp[2]: MOVE_ARM_TO_PREGRASP (100%)
[INFO] [1789304669.601785854] [wall_mount_task]: grasp[2]: MOVE_ARM_TO_GRASP (0%)
[INFO] [1789304672.211900846] [wall_mount_task]: grasp[2]: MOVE_ARM_TO_GRASP (100%)
[INFO] [1789304672.212227693] [wall_mount_task]: grasp[2]: CLOSE_GRIPPER (0%)
[INFO] [1789304673.876832025] [wall_mount_task]: grasp[2]: CLOSE_GRIPPER (100%)
[INFO] [1789304673.877155517] [wall_mount_task]: grasp[2]: LIFT_OBJECT (0%)
[INFO] [1789304679.719020778] [wall_mount_task]: grasp[2]: LIFT_OBJECT (100%)
[INFO] [1789304679.719470828] [wall_mount_task]: grasp[2]: STOW_OBJECT (0%)
[INFO] [1789304679.719667322] [wall_mount_task]: grasp[2]: succeeded -- grasp complete
[INFO] [1789304679.719817758] [wall_mount_task]: --- place onto wall_target_2 at (0.35500000000000004, -0.05, -0.06101000000000001) ---
[INFO] [1789304679.720533795] [wall_mount_task]: place[2]: MOVE_ARM_TO_PREPLACE (0%)
[INFO] [1789304697.693078601] [wall_mount_task]: place[2]: MOVE_ARM_TO_PREPLACE (100%)
[INFO] [1789304697.693400276] [wall_mount_task]: place[2]: MOVE_ARM_TO_PLACE (0%)
[INFO] [1789304701.394732855] [wall_mount_task]: place[2]: MOVE_ARM_TO_PLACE (100%)
[INFO] [1789304701.395097543] [wall_mount_task]: place[2]: OPEN_GRIPPER (0%)
[INFO] [1789304702.798803649] [wall_mount_task]: place[2]: OPEN_GRIPPER (100%)
[INFO] [1789304704.299054581] [wall_mount_task]: place[2]: RETREAT_ARM (0%)
[INFO] [1789304709.025904387] [wall_mount_task]: place[2]: RETREAT_ARM (100%)
[INFO] [1789304709.026338233] [wall_mount_task]: place[2]: succeeded -- place complete
[INFO] [1789304709.026502406] [wall_mount_task]: --- grasp sensor_cam_3 at (-0.109, -0.109, 0.01929000000000003) ---
[INFO] [1789304709.027213361] [wall_mount_task]: grasp[3]: MOVE_ARM_TO_PREGRASP (0%)
[INFO] [1789304725.353372002] [wall_mount_task]: grasp[3]: MOVE_ARM_TO_PREGRASP (100%)
[INFO] [1789304725.353873160] [wall_mount_task]: grasp[3]: MOVE_ARM_TO_GRASP (0%)
[INFO] [1789304728.122065448] [wall_mount_task]: grasp[3]: MOVE_ARM_TO_GRASP (100%)
[INFO] [1789304728.122435039] [wall_mount_task]: grasp[3]: CLOSE_GRIPPER (0%)
[INFO] [1789304729.748035472] [wall_mount_task]: grasp[3]: CLOSE_GRIPPER (100%)
[INFO] [1789304729.748399986] [wall_mount_task]: grasp[3]: LIFT_OBJECT (0%)
[INFO] [1789304735.372043933] [wall_mount_task]: grasp[3]: LIFT_OBJECT (100%)
[INFO] [1789304735.372426526] [wall_mount_task]: grasp[3]: STOW_OBJECT (0%)
[INFO] [1789304735.372624753] [wall_mount_task]: grasp[3]: succeeded -- grasp complete
[INFO] [1789304735.372790486] [wall_mount_task]: --- place onto wall_target_3 at (0.35500000000000004, 0.05, -0.06101000000000001) ---
[INFO] [1789304735.373480210] [wall_mount_task]: place[3]: MOVE_ARM_TO_PREPLACE (0%)
[INFO] [1789304755.520269611] [wall_mount_task]: place[3]: MOVE_ARM_TO_PREPLACE (100%)
[INFO] [1789304755.520671859] [wall_mount_task]: place[3]: MOVE_ARM_TO_PLACE (0%)
[INFO] [1789304759.344884766] [wall_mount_task]: place[3]: MOVE_ARM_TO_PLACE (100%)
[INFO] [1789304759.345219078] [wall_mount_task]: place[3]: OPEN_GRIPPER (0%)
[INFO] [1789304760.800068420] [wall_mount_task]: place[3]: OPEN_GRIPPER (100%)
[INFO] [1789304762.300506796] [wall_mount_task]: place[3]: RETREAT_ARM (0%)
[INFO] [1789304766.680442229] [wall_mount_task]: place[3]: RETREAT_ARM (100%)
[INFO] [1789304766.681111719] [wall_mount_task]: place[3]: succeeded -- place complete
[INFO] [1789304766.681406423] [wall_mount_task]: --- grasp sensor_cam_4 at (-0.109, 0.109, 0.01929000000000003) ---
[INFO] [1789304766.682303910] [wall_mount_task]: grasp[4]: MOVE_ARM_TO_PREGRASP (0%)
[INFO] [1789304783.105901926] [wall_mount_task]: grasp[4]: MOVE_ARM_TO_PREGRASP (100%)
[INFO] [1789304783.106221904] [wall_mount_task]: grasp[4]: MOVE_ARM_TO_GRASP (0%)
[INFO] [1789304785.622169311] [wall_mount_task]: grasp[4]: MOVE_ARM_TO_GRASP (100%)
[INFO] [1789304785.622515904] [wall_mount_task]: grasp[4]: CLOSE_GRIPPER (0%)
[INFO] [1789304787.260388701] [wall_mount_task]: grasp[4]: CLOSE_GRIPPER (100%)
[INFO] [1789304787.260718943] [wall_mount_task]: grasp[4]: LIFT_OBJECT (0%)
[INFO] [1789304793.096022888] [wall_mount_task]: grasp[4]: LIFT_OBJECT (100%)
[INFO] [1789304793.096417640] [wall_mount_task]: grasp[4]: STOW_OBJECT (0%)
[INFO] [1789304793.096623430] [wall_mount_task]: grasp[4]: succeeded -- grasp complete
[INFO] [1789304793.096982331] [wall_mount_task]: --- place onto wall_target_4 at (0.35500000000000004, 0.15, -0.06101000000000001) ---
[INFO] [1789304793.098173346] [wall_mount_task]: place[4]: MOVE_ARM_TO_PREPLACE (0%)
[INFO] [1789304832.096636886] [wall_mount_task]: place[4]: MOVE_ARM_TO_PREPLACE (100%)
[INFO] [1789304832.097214872] [wall_mount_task]: place[4]: MOVE_ARM_TO_PLACE (0%)
[INFO] [1789304835.680831295] [wall_mount_task]: place[4]: MOVE_ARM_TO_PLACE (100%)
[INFO] [1789304835.681232061] [wall_mount_task]: place[4]: OPEN_GRIPPER (0%)
[INFO] [1789304837.017141271] [wall_mount_task]: place[4]: OPEN_GRIPPER (100%)
[INFO] [1789304838.517280317] [wall_mount_task]: place[4]: RETREAT_ARM (0%)
[INFO] [1789304843.035169267] [wall_mount_task]: place[4]: RETREAT_ARM (100%)
[INFO] [1789304843.035862625] [wall_mount_task]: place[4]: succeeded -- place complete
[INFO] [1789304843.036176958] [wall_mount_task]: wall-mount task COMPLETE
