[INFO] [1789302680.128294421] [wall_mount_task]: --- grasp sensor_cam_1 at (0.109, 0.109, 0.01929000000000003) ---
[INFO] [1789302680.129182090] [wall_mount_task]: grasp[1]: MOVE_ARM_TO_PREGRASP (0%)
[INFO] [1789302689.678659220] [wall_mount_task]: grasp[1]: MOVE_ARM_TO_PREGRASP (100%)
[INFO] [1789302689.679036456] [wall_mount_task]: grasp[1]: MOVE_ARM_TO_GRASP (0%)
[INFO] [1789302692.719305580] [wall_mount_task]: grasp[1]: MOVE_ARM_TO_GRASP (100%)
[INFO] [1789302692.720982246] [wall_mount_task]: grasp[1]: CLOSE_GRIPPER (0%)
[INFO] [1789302694.628085297] [wall_mount_task]: grasp[1]: CLOSE_GRIPPER (100%)
[INFO] [1789302694.628427542] [wall_mount_task]: grasp[1]: LIFT_OBJECT (0%)
[INFO] [1789302700.569361600] [wall_mount_task]: grasp[1]: LIFT_OBJECT (100%)
[INFO] [1789302700.569910620] [wall_mount_task]: grasp[1]: STOW_OBJECT (0%)
[INFO] [1789302700.570119095] [wall_mount_task]: grasp[1]: succeeded -- grasp complete
[INFO] [1789302700.570266637] [wall_mount_task]: --- place onto wall_target_1 at (0.35500000000000004, -0.15, -0.06101000000000001) ---
[INFO] [1789302700.571022823] [wall_mount_task]: place[1]: MOVE_ARM_TO_PREPLACE (0%)
[INFO] [1789302739.341216218] [wall_mount_task]: place[1]: MOVE_ARM_TO_PREPLACE (100%)
[INFO] [1789302739.341518409] [wall_mount_task]: place[1]: MOVE_ARM_TO_PLACE (0%)
[INFO] [1789302742.950278944] [wall_mount_task]: place[1]: MOVE_ARM_TO_PLACE (100%)
[INFO] [1789302742.950653820] [wall_mount_task]: place[1]: OPEN_GRIPPER (0%)
[INFO] [1789302744.265108135] [wall_mount_task]: place[1]: OPEN_GRIPPER (100%)
[INFO] [1789302745.765186031] [wall_mount_task]: place[1]: RETREAT_ARM (0%)
[INFO] [1789302750.378897675] [wall_mount_task]: place[1]: RETREAT_ARM (100%)
[INFO] [1789302750.379704306] [wall_mount_task]: place[1]: succeeded -- place complete
[INFO] [1789302750.380054730] [wall_mount_task]: --- grasp sensor_cam_2 at (0.109, -0.109, 0.01929000000000003) ---
[INFO] [1789302750.381218535] [wall_mount_task]: grasp[2]: MOVE_ARM_TO_PREGRASP (0%)
[INFO] [1789302759.493775350] [wall_mount_task]: grasp[2]: MOVE_ARM_TO_PREGRASP (100%)
[INFO] [1789302759.494514238] [wall_mount_task]: grasp[2]: MOVE_ARM_TO_GRASP (0%)
[INFO] [1789302762.139981174] [wall_mount_task]: grasp[2]: MOVE_ARM_TO_GRASP (100%)
[INFO] [1789302762.140522057] [wall_mount_task]: grasp[2]: CLOSE_GRIPPER (0%)
[INFO] [1789302763.859118275] [wall_mount_task]: grasp[2]: CLOSE_GRIPPER (100%)
[INFO] [1789302763.859666589] [wall_mount_task]: grasp[2]: LIFT_OBJECT (0%)
[INFO] [1789302770.059752489] [wall_mount_task]: grasp[2]: LIFT_OBJECT (100%)
[INFO] [1789302770.060150140] [wall_mount_task]: grasp[2]: STOW_OBJECT (0%)
[INFO] [1789302770.060337223] [wall_mount_task]: grasp[2]: succeeded -- grasp complete
[INFO] [1789302770.060478966] [wall_mount_task]: --- place onto wall_target_2 at (0.35500000000000004, -0.05, -0.06101000000000001) ---
[INFO] [1789302770.061164252] [wall_mount_task]: place[2]: MOVE_ARM_TO_PREPLACE (0%)
[INFO] [1789302787.817901244] [wall_mount_task]: place[2]: MOVE_ARM_TO_PREPLACE (100%)
[INFO] [1789302787.818269642] [wall_mount_task]: place[2]: MOVE_ARM_TO_PLACE (0%)
[INFO] [1789302791.498660144] [wall_mount_task]: place[2]: MOVE_ARM_TO_PLACE (100%)
[INFO] [1789302791.499267665] [wall_mount_task]: place[2]: OPEN_GRIPPER (0%)
[INFO] [1789302793.104871152] [wall_mount_task]: place[2]: OPEN_GRIPPER (100%)
[INFO] [1789302794.605013273] [wall_mount_task]: place[2]: RETREAT_ARM (0%)
[INFO] [1789302799.042677091] [wall_mount_task]: place[2]: RETREAT_ARM (100%)
[INFO] [1789302799.043082506] [wall_mount_task]: place[2]: succeeded -- place complete
[INFO] [1789302799.043251848] [wall_mount_task]: --- grasp sensor_cam_3 at (-0.109, -0.109, 0.01929000000000003) ---
[INFO] [1789302799.043934425] [wall_mount_task]: grasp[3]: MOVE_ARM_TO_PREGRASP (0%)
[INFO] [1789302815.018129073] [wall_mount_task]: grasp[3]: MOVE_ARM_TO_PREGRASP (100%)
[INFO] [1789302815.018463164] [wall_mount_task]: grasp[3]: MOVE_ARM_TO_GRASP (0%)
[INFO] [1789302817.583901788] [wall_mount_task]: grasp[3]: MOVE_ARM_TO_GRASP (100%)
[INFO] [1789302817.584232957] [wall_mount_task]: grasp[3]: CLOSE_GRIPPER (0%)
[INFO] [1789302819.301630541] [wall_mount_task]: grasp[3]: CLOSE_GRIPPER (100%)
[INFO] [1789302819.301988926] [wall_mount_task]: grasp[3]: LIFT_OBJECT (0%)
[INFO] [1789302825.012524960] [wall_mount_task]: grasp[3]: LIFT_OBJECT (100%)
[INFO] [1789302825.012905657] [wall_mount_task]: grasp[3]: STOW_OBJECT (0%)
[INFO] [1789302825.013098166] [wall_mount_task]: grasp[3]: succeeded -- grasp complete
[INFO] [1789302825.013236681] [wall_mount_task]: --- place onto wall_target_3 at (0.35500000000000004, 0.05, -0.06101000000000001) ---
[INFO] [1789302825.013898477] [wall_mount_task]: place[3]: MOVE_ARM_TO_PREPLACE (0%)
[INFO] [1789302844.387709692] [wall_mount_task]: place[3]: MOVE_ARM_TO_PREPLACE (100%)
[INFO] [1789302844.388025962] [wall_mount_task]: place[3]: MOVE_ARM_TO_PLACE (0%)
[INFO] [1789302848.150519124] [wall_mount_task]: place[3]: MOVE_ARM_TO_PLACE (100%)
[INFO] [1789302848.150832501] [wall_mount_task]: place[3]: OPEN_GRIPPER (0%)
[INFO] [1789302849.554677546] [wall_mount_task]: place[3]: OPEN_GRIPPER (100%)
[INFO] [1789302851.055180656] [wall_mount_task]: place[3]: RETREAT_ARM (0%)
[INFO] [1789302855.707517482] [wall_mount_task]: place[3]: RETREAT_ARM (100%)
[INFO] [1789302855.708190501] [wall_mount_task]: place[3]: succeeded -- place complete
[INFO] [1789302855.708489000] [wall_mount_task]: --- grasp sensor_cam_4 at (-0.109, 0.109, 0.01929000000000003) ---
[INFO] [1789302855.709533952] [wall_mount_task]: grasp[4]: MOVE_ARM_TO_PREGRASP (0%)
[INFO] [1789302872.157523850] [wall_mount_task]: grasp[4]: MOVE_ARM_TO_PREGRASP (100%)
[INFO] [1789302872.158355758] [wall_mount_task]: grasp[4]: MOVE_ARM_TO_GRASP (0%)
[INFO] [1789302874.570223224] [wall_mount_task]: grasp[4]: MOVE_ARM_TO_GRASP (100%)
[INFO] [1789302874.570826634] [wall_mount_task]: grasp[4]: CLOSE_GRIPPER (0%)
[INFO] [1789302876.295674816] [wall_mount_task]: grasp[4]: CLOSE_GRIPPER (100%)
[INFO] [1789302876.296209770] [wall_mount_task]: grasp[4]: LIFT_OBJECT (0%)
[INFO] [1789302882.312928328] [wall_mount_task]: grasp[4]: LIFT_OBJECT (100%)
[INFO] [1789302882.313559786] [wall_mount_task]: grasp[4]: STOW_OBJECT (0%)
[INFO] [1789302882.313915958] [wall_mount_task]: grasp[4]: succeeded -- grasp complete
[INFO] [1789302882.314202200] [wall_mount_task]: --- place onto wall_target_4 at (0.35500000000000004, 0.15, -0.06101000000000001) ---
[INFO] [1789302882.315261116] [wall_mount_task]: place[4]: MOVE_ARM_TO_PREPLACE (0%)
[INFO] [1789302922.476205786] [wall_mount_task]: place[4]: MOVE_ARM_TO_PREPLACE (100%)
[INFO] [1789302922.476534580] [wall_mount_task]: place[4]: MOVE_ARM_TO_PLACE (0%)
[INFO] [1789302926.071039556] [wall_mount_task]: place[4]: MOVE_ARM_TO_PLACE (100%)
[INFO] [1789302926.071408504] [wall_mount_task]: place[4]: OPEN_GRIPPER (0%)
[INFO] [1789302927.346834662] [wall_mount_task]: place[4]: OPEN_GRIPPER (100%)
[INFO] [1789302928.847009189] [wall_mount_task]: place[4]: RETREAT_ARM (0%)
[INFO] [1789302933.552918404] [wall_mount_task]: place[4]: RETREAT_ARM (100%)
[INFO] [1789302933.553316946] [wall_mount_task]: place[4]: succeeded -- place complete
[INFO] [1789302933.553468209] [wall_mount_task]: wall-mount task COMPLETE
