[INFO] [1789304972.003875072] [wall_mount_task]: --- grasp sensor_cam_1 at (0.109, 0.109, 0.01929000000000003) ---
[INFO] [1789304972.004753888] [wall_mount_task]: grasp[1]: MOVE_ARM_TO_PREGRASP (0%)
[INFO] [1789304981.422058459] [wall_mount_task]: grasp[1]: MOVE_ARM_TO_PREGRASP (100%)
[INFO] [1789304981.422591693] [wall_mount_task]: grasp[1]: MOVE_ARM_TO_GRASP (0%)
[INFO] [1789304984.312600485] [wall_mount_task]: grasp[1]: MOVE_ARM_TO_GRASP (100%)
[INFO] [1789304984.340983067] [wall_mount_task]: grasp[1]: CLOSE_GRIPPER (0%)
[INFO] [1789304986.149622229] [wall_mount_task]: grasp[1]: CLOSE_GRIPPER (100%)
[INFO] [1789304986.150160996] [wall_mount_task]: grasp[1]: LIFT_OBJECT (0%)
[INFO] [1789304992.418117609] [wall_mount_task]: grasp[1]: LIFT_OBJECT (100%)
[INFO] [1789304992.418782343] [wall_mount_task]: grasp[1]: STOW_OBJECT (0%)
[INFO] [1789304992.419139502] [wall_mount_task]: grasp[1]: succeeded -- grasp complete
[INFO] [1789304992.419430278] [wall_mount_task]: --- place onto wall_target_1 at (0.35500000000000004, -0.15, -0.06101000000000001) ---
[INFO] [1789304992.420542263] [wall_mount_task]: place[1]: MOVE_ARM_TO_PREPLACE (0%)
[INFO] [1789305030.713947099] [wall_mount_task]: place[1]: MOVE_ARM_TO_PREPLACE (100%)
[INFO] [1789305030.714434150] [wall_mount_task]: place[1]: MOVE_ARM_TO_PLACE (0%)
[INFO] [1789305034.438278366] [wall_mount_task]: place[1]: MOVE_ARM_TO_PLACE (100%)
[INFO] [1789305034.438600462] [wall_mount_task]: place[1]: OPEN_GRIPPER (0%)
[INFO] [1789305035.661347409] [wall_mount_task]: place[1]: OPEN_GRIPPER (100%)
[INFO] [1789305037.161443006] [wall_mount_task]: place[1]: RETREAT_ARM (0%)
[INFO] [1789305041.948193081] [wall_mount_task]: place[1]: RETREAT_ARM (100%)
[INFO] [1789305041.948600494] [wall_mount_task]: place[1]: succeeded -- place complete
[INFO] [1789305041.948742098] [wall_mount_task]: --- grasp sensor_cam_2 at (0.109, -0.109, 0.01929000000000003) ---
[INFO] [1789305041.949380743] [wall_mount_task]: grasp[2]: MOVE_ARM_TO_PREGRASP (0%)
[INFO] [1789305050.334886379] [wall_mount_task]: grasp[2]: MOVE_ARM_TO_PREGRASP (100%)
[INFO] [1789305050.335495821] [wall_mount_task]: grasp[2]: MOVE_ARM_TO_GRASP (0%)
[INFO] [1789305052.970586579] [wall_mount_task]: grasp[2]: MOVE_ARM_TO_GRASP (100%)
[INFO] [1789305052.970903644] [wall_mount_task]: grasp[2]: CLOSE_GRIPPER (0%)
[INFO] [1789305054.667971400] [wall_mount_task]: grasp[2]: CLOSE_GRIPPER (100%)
[INFO] [1789305054.668489604] [wall_mount_task]: grasp[2]: LIFT_OBJECT (0%)
[INFO] [1789305060.931767619] [wall_mount_task]: grasp[2]: LIFT_OBJECT (100%)
[INFO] [1789305060.932183849] [wall_mount_task]: grasp[2]: STOW_OBJECT (0%)
[INFO] [1789305060.932373684] [wall_mount_task]: grasp[2]: succeeded -- grasp complete
[INFO] [1789305060.932521215] [wall_mount_task]: --- place onto wall_target_2 at (0.35500000000000004, -0.05, -0.06101000000000001) ---
[INFO] [1789305060.933326771] [wall_mount_task]: place[2]: MOVE_ARM_TO_PREPLACE (0%)
[INFO] [1789305078.178642898] [wall_mount_task]: place[2]: MOVE_ARM_TO_PREPLACE (100%)
[INFO] [1789305078.179031038] [wall_mount_task]: place[2]: MOVE_ARM_TO_PLACE (0%)
[INFO] [1789305081.987785944] [wall_mount_task]: place[2]: MOVE_ARM_TO_PLACE (100%)
[INFO] [1789305081.988129856] [wall_mount_task]: place[2]: OPEN_GRIPPER (0%)
[INFO] [1789305083.432105565] [wall_mount_task]: place[2]: OPEN_GRIPPER (100%)
[INFO] [1789305084.932341120] [wall_mount_task]: place[2]: RETREAT_ARM (0%)
[INFO] [1789305089.929940628] [wall_mount_task]: place[2]: RETREAT_ARM (100%)
[INFO] [1789305089.930373420] [wall_mount_task]: place[2]: succeeded -- place complete
[INFO] [1789305089.930527566] [wall_mount_task]: --- grasp sensor_cam_3 at (-0.109, -0.109, 0.01929000000000003) ---
[INFO] [1789305089.931138445] [wall_mount_task]: grasp[3]: MOVE_ARM_TO_PREGRASP (0%)
[INFO] [1789305105.888292361] [wall_mount_task]: grasp[3]: MOVE_ARM_TO_PREGRASP (100%)
[INFO] [1789305105.888645898] [wall_mount_task]: grasp[3]: MOVE_ARM_TO_GRASP (0%)
[INFO] [1789305108.948306642] [wall_mount_task]: grasp[3]: MOVE_ARM_TO_GRASP (100%)
[INFO] [1789305108.948645743] [wall_mount_task]: grasp[3]: CLOSE_GRIPPER (0%)
[INFO] [1789305110.853865882] [wall_mount_task]: grasp[3]: CLOSE_GRIPPER (100%)
[INFO] [1789305110.854218610] [wall_mount_task]: grasp[3]: LIFT_OBJECT (0%)
[INFO] [1789305116.780930407] [wall_mount_task]: grasp[3]: LIFT_OBJECT (100%)
[INFO] [1789305116.781394035] [wall_mount_task]: grasp[3]: STOW_OBJECT (0%)
[INFO] [1789305116.781586437] [wall_mount_task]: grasp[3]: succeeded -- grasp complete
[INFO] [1789305116.781739985] [wall_mount_task]: --- place onto wall_target_3 at (0.35500000000000004, 0.05, -0.06101000000000001) ---
[INFO] [1789305116.782520511] [wall_mount_task]: place[3]: MOVE_ARM_TO_PREPLACE (0%)
[INFO] [1789305138.036921566] [wall_mount_task]: place[3]: MOVE_ARM_TO_PREPLACE (100%)
[INFO] [1789305138.037251395] [wall_mount_task]: place[3]: MOVE_ARM_TO_PLACE (0%)
[INFO] [1789305141.829404117] [wall_mount_task]: place[3]: MOVE_ARM_TO_PLACE (100%)
[INFO] [1789305141.829762245] [wall_mount_task]: place[3]: OPEN_GRIPPER (0%)
[INFO] [1789305143.205327704] [wall_mount_task]: place[3]: OPEN_GRIPPER (100%)
[INFO] [1789305144.705675554] [wall_mount_task]: place[3]: RETREAT_ARM (0%)
[INFO] [1789305149.137136410] [wall_mount_task]: place[3]: RETREAT_ARM (100%)
[INFO] [1789305149.137585980] [wall_mount_task]: place[3]: succeeded -- place complete
[INFO] [1789305149.137734733] [wall_mount_task]: --- grasp sensor_cam_4 at (-0.109, 0.109, 0.01929000000000003) ---
[INFO] [1789305149.138407193] [wall_mount_task]: grasp[4]: MOVE_ARM_TO_PREGRASP (0%)
[INFO] [1789305166.301121722] [wall_mount_task]: grasp[4]: MOVE_ARM_TO_PREGRASP (100%)
[INFO] [1789305166.302542404] [wall_mount_task]: grasp[4]: MOVE_ARM_TO_GRASP (0%)
[INFO] [1789305169.274987349] [wall_mount_task]: grasp[4]: MOVE_ARM_TO_GRASP (100%)
[INFO] [1789305169.275738340] [wall_mount_task]: grasp[4]: CLOSE_GRIPPER (0%)
[INFO] [1789305170.981201018] [wall_mount_task]: grasp[4]: CLOSE_GRIPPER (100%)
[INFO] [1789305170.981747657] [wall_mount_task]: grasp[4]: LIFT_OBJECT (0%)
[INFO] [1789305177.023791198] [wall_mount_task]: grasp[4]: LIFT_OBJECT (100%)
[INFO] [1789305177.024852804] [wall_mount_task]: grasp[4]: STOW_OBJECT (0%)
[INFO] [1789305177.025447130] [wall_mount_task]: grasp[4]: succeeded -- grasp complete
[INFO] [1789305177.025917625] [wall_mount_task]: --- place onto wall_target_4 at (0.35500000000000004, 0.15, -0.06101000000000001) ---
[INFO] [1789305177.027448923] [wall_mount_task]: place[4]: MOVE_ARM_TO_PREPLACE (0%)
[INFO] [1789305217.249523313] [wall_mount_task]: place[4]: MOVE_ARM_TO_PREPLACE (100%)
[INFO] [1789305217.250493417] [wall_mount_task]: place[4]: MOVE_ARM_TO_PLACE (0%)
[INFO] [1789305220.911894023] [wall_mount_task]: place[4]: MOVE_ARM_TO_PLACE (100%)
[INFO] [1789305220.912438699] [wall_mount_task]: place[4]: OPEN_GRIPPER (0%)
[INFO] [1789305222.607515573] [wall_mount_task]: place[4]: OPEN_GRIPPER (100%)
[INFO] [1789305224.107626374] [wall_mount_task]: place[4]: RETREAT_ARM (0%)
[INFO] [1789305228.533653564] [wall_mount_task]: place[4]: RETREAT_ARM (100%)
[INFO] [1789305228.534969990] [wall_mount_task]: place[4]: succeeded -- place complete
[INFO] [1789305228.535665457] [wall_mount_task]: wall-mount task COMPLETE
